[ name       ]  brt_google_mobility
[ id         ]  20200706-182844-89016c9f
[ resource   ]  World_Bank_Country_Metadata.csv
[ ...        ]  acaps.xlsx
[ parameter  ]  date: 2020-06-20
[ ...        ]  short_run: FALSE
[ start      ]  2020-07-06 18:28:44
[ parameter  ]  date: 2020-06-20
[ ...        ]  short_run: FALSE

Attaching package: ‘lubridate’

The following objects are masked from ‘package:base’:

    date, intersect, setdiff, union


Attaching package: ‘dplyr’

The following objects are masked from ‘package:stats’:

    filter, lag

The following objects are masked from ‘package:base’:

    intersect, setdiff, setequal, union

Loaded gbm 2.1.5
Loading required package: raster
Loading required package: sp

Attaching package: ‘raster’

The following object is masked from ‘package:dplyr’:

    select


Attaching package: ‘tidyr’

The following object is masked from ‘package:raster’:

    extract


> library(gbm)

> library(dismo)

> library(conflicted)

> library(gtools)

> library(lubridate)

> conflict_prefer("select", "dplyr")
[conflicted] Will prefer dplyr::select over any other package

> conflict_prefer("filter", "dplyr")
[conflicted] Will prefer dplyr::filter over any other package

> conflict_prefer("area", "patchwork")
[conflicted] Will prefer patchwork::area over any other package

> download_url <- function(url) {
+     tryCatch({
+         tf <- tempfile()
+         code <- download.file(url, tf, mode = "wb")
+         if (code != 0) {
+             stop("Error downloading file")
+         }
+     }, error = function(e) {
+         stop(sprintf("Error downloading file '%s': %s, please check %s", 
+             url, e$message))
+     })
+     return(tf)
+ }

> match_clean <- function(a, b, quiet = TRUE) {
+     a <- gsub("[[:punct:][:space:]]", "", tolower(stringi::stri_trans_general(a, 
+         "latin-ascii")))
+     b <- gsub("[[:punct:][:space:]]", "", tolower(stringi::stri_trans_general(b, 
+         "latin-ascii")))
+     ret <- match(a, b)
+     if (sum(is.na(ret) > 0)) {
+         dists <- stringdist::seq_distmatrix(lapply(a, utf8ToInt), 
+             lapply(b, utf8ToInt))
+         ret[is.na(ret)] <- apply(dists[which(is.na(ret)), , drop = FALSE], 
+             1, which.min)
+         if (!quiet) {
+             return(unique(cbind(a, b[ret])))
+         }
+     }
+     return(ret)
+ }

> date <- as.Date(date)

> goog_tf <- download_url("https://www.gstatic.com/covid19/mobility/Global_Mobility_Report.csv")

> goog <- read.csv(goog_tf, stringsAsFactors = FALSE)

> goog$iso3c <- countrycode::countrycode(goog$country_region, 
+     "country.name", "iso3c")

> mob <- goog %>% filter(sub_region_1 == "") %>% mutate(overall = 1/4 * 
+     retail_and_recreation_percent_change_from_baseline + 1/4 * 
+     grocery_and_pharmacy_percent_change_from_baseline + 1/4 * 
+     transit_stations_percent_change_from_baseline + 1/4 * workplaces_percent_change_from_baseline) %>% 
+     mutate(date = as.Date(date, format = "%Y-%m-%d")) %>% select(country_region, 
+     iso3c, date, overall)

> wb_metadata <- read.csv("World_Bank_Country_Metadata.csv", 
+     fileEncoding = "UTF-8-BOM") %>% rename(ISO = country_code) %>% 
+     select(ISO, income_group, region) %>% filter(region != "")

> acap_site <- "http://www.acaps.org/covid19-government-measures-dataset"

> xml <- xml2::read_html(acap_site)

> url <- rvest::html_attr(rvest::html_nodes(xml, ".file a"), 
+     "href")

> acap_tf <- download_url(url)

> acap <- readxl::read_excel(acap_tf, progress = FALSE, 
+     sheet = "Database")

> acap$ISO <- countrycode::countrycode(acap$COUNTRY, 
+     "country.name", "iso3c", custom_match = c(Eswatini = "SWZ", 
+         Micronesia = "FSM"))

> ACAPs_measure <- acap %>% rename(country = COUNTRY, 
+     measure = MEASURE, type = LOG_TYPE, date = DATE_IMPLEMENTED) %>% 
+     select(ISO, measure, type, date) %>% filter(measure != "", 
+     type != "") %>% mutate(measure = as.numeric(factor(measure)), 
+     type = as.numeric(factor(type))) %>% mutate(combined = as.factor(paste0("m_", 
+     type, "_", measure))) %>% mutate(date = as.Date(date)) %>% 
+     select(ISO, date, combined) %>% pivot_wider(names_from = combined, 
+     values_from = combined) %>% filter(!is.na(date))

> measures <- colnames(ACAPs_measure)[-(1:2)]

> for (i in 1:length(measures)) {
+     index <- measures[i]
+     ACAPs_measure[, index] <- unlist(lapply(ACAPs_measure[[index]], 
+         length))
+ }

> new_ACAPs_measure <- ACAPs_measure %>% group_by(ISO) %>% 
+     arrange(date) %>% mutate_at(vars(-ISO, -date), funs(cumsum(.))) %>% 
+     complete(date = seq.Date(min(ACAPs_measure$date), max(ACAPs_measure$date), 
+         by = "days")) %>% mutate_at(vars(-ISO, -date), funs(replace(., 
+     row_number() == 1, 0)))

> column_names <- colnames(new_ACAPs_measure)[-c(1:2)]

> new_ACAPs_cat <- fill(new_ACAPs_measure, column_names, 
+     .direction = c("down"))
Note: Using an external vector in selections is ambiguous.
ℹ Use `all_of(column_names)` instead of `column_names` to silence this message.
ℹ See <https://tidyselect.r-lib.org/reference/faq-external-vector.html>.
This message is displayed once per session.

> overall <- new_ACAPs_cat %>% left_join(mob, by = c(ISO = "iso3c", 
+     date = "date")) %>% filter(!is.na(overall)) %>% left_join(wb_metadata, 
+     by = "ISO") %>% select(-country_region)

> overall_test <- overall %>% ungroup(ISO) %>% select(overall, 
+     everything(), -ISO, -date)

> tree_complexity <- 8

> bag_fraction <- 0.5

> if (short_run) {
+     max_trees <- 30
+ } else {
+     max_trees <- 3000
+ }

> learning_rate <- 0.05

> x <- as.data.frame(overall_test)

> brt <- gbm.step(data = x, gbm.x = 2:ncol(x), gbm.y = 1, 
+     family = "gaussian", tree.complexity = tree_complexity, learning.rate = learning_rate, 
+     bag.fraction = bag_fraction, max.trees = max_trees, n.folds = 5, 
+     plot.main = FALSE, plot.folds = FALSE)

 
 GBM STEP - version 2.9 
 
Performing cross-validation optimisation of a boosted regression tree model 
for overall and using a family of gaussian 
Using 17197 observations and 81 predictors 
creating 5 initial models of 50 trees 

 folds are unstratified 
total mean deviance =  579.0806 
tolerance is fixed at  0.5791 
ntrees resid. dev. 
50    182.5988 
now adding trees... 
100   132.3109 
150   113.012 
200   101.9891 
250   94.8565 
300   89.6407 
350   85.5578 
400   82.4253 
450   79.8414 
500   77.5703 
550   75.6854 
600   74.2306 
650   72.9408 
700   71.807 
750   71.0177 
800   70.2616 
850   69.4951 
900   68.7937 
950   68.2918 
1000   67.7667 
1050   67.3109 
1100   66.9506 
1150   66.544 
1200   66.2152 
1250   65.9278 
1300   65.6572 
1350   65.3752 
1400   65.1085 
1450   64.8479 
1500   64.5291 
1550   64.2995 
1600   64.1959 
1650   64.0754 
1700   63.8828 
1750   63.647 
1800   63.5086 
1850   63.3802 
1900   63.2519 
1950   63.1665 
2000   63.0041 
2050   62.9042 
2100   62.7954 
2150   62.6834 
2200   62.6257 
2250   62.5521 
2300   62.4054 
2350   62.4109 
2400   62.3725 
2450   62.2645 
2500   62.0923 
2550   62.0747 
2600   62.0641 
2650   61.9435 
2700   61.9035 
2750   61.8709 
2800   61.7847 
2850   61.7626 
2900   61.7641 
2950   61.6345 
3000   61.5693 
fitting final gbm model with a fixed number of 3000 trees for overall

mean total deviance = 579.081 
mean residual deviance = 50.12 
 
estimated cv deviance = 61.569 ; se = 2.841 
 
training data correlation = 0.956 
cv correlation =  0.945 ; se = 0.002 
 
elapsed time -  0.44 minutes 

 ########### warning ########## 
 
maximum tree limit reached - results may not be optimal 
  - refit with faster learning rate or increase maximum number of trees 

> output_data <- new_ACAPs_cat %>% left_join(mob, by = c(ISO = "iso3c", 
+     date = "date")) %>% left_join(wb_metadata, by = "ISO") %>% 
+     ungroup(ISO) %>% select(overall, everything(), -country_region)

> predicted <- predict.gbm(brt, output_data[which(is.na(output_data$overall)), 
+     c(4:(ncol(output_data)))], n.trees = brt$gbm.call$best.trees, 
+     type = "response")

> output_data$observed <- !is.na(output_data$overall)

> output_data$overall[which(is.na(output_data$overall))] <- predicted

> output_data$all_overall <- predict.gbm(brt, output_data[, 
+     c(4:(ncol(output_data)))], n.trees = brt$gbm.call$best.trees, 
+     type = "response")

> res <- select(output_data, ISO, date, overall, all_overall, 
+     observed, income_group) %>% mutate(overall = (overall + 100)/100, 
+     all_overall = (all_overall + 100)/100) %>% rename(C = overall, 
+     C_predict = all_overall, iso3c = ISO)

> res <- split.data.frame(res, res$iso3c)

> nms <- unique(squire::population$iso3c)

> res_no <- lapply(nms[!nms %in% names(res)], function(x) {
+     return(data.frame())
+ })

> names(res_no) <- nms[!nms %in% names(res)]

> res <- append(res, res_no)

> res <- lapply(res, function(x) {
+     if (nrow(x) > 0) {
+         return(as.data.frame(x))
+     }
+     else {
+         return(x)
+     }
+ })

> res <- lapply(res, function(x) {
+     if (length(unique(x$C)) == 1) {
+         x <- rbind(x[1, ], x)
+         x$date[1] <- x$date[2] - 1
+         x[1, "C"] <- 1
+     }
+     return(x)
+ })

> for (r in seq_along(res)) {
+     if (any(res[[r]]$observed)) {
+         lw <- res[[r]]$C[which(res[[r]]$observed)][1:7]
+         res[[r]]$C[1:(which(res[[r]]$observed)[1] - 1)] <- mean(lw)
+         rw <- tail(res[[r]]$C[which(res[[r]]$observed)], 14)
+         rw_end <- tail(which(res[[r]]$observed), 1)
+         rw_7 <- res[[r]]$C[(rw_end + 1):(rw_end + 7)]
+         res[[r]]$C[(rw_end + 1):nrow(res[[r]])] <- mean(rw)
+     }
+ }

> saveRDS(res, "google_brt.rds")

> saveRDS(brt, "google_brt_model.rds")

> saveRDS(overall, "overall.rds")
[ end        ]  2020-07-06 18:55:55
[ elapsed    ]  Ran report in 27.18681 mins
[ artefact   ]  google_brt.rds: 4ba5e76d37607e0879bb4929fea573c4
[ ...        ]  google_brt_model.rds: f10714ef0d91209f1bb704538e0960ce
[ ...        ]  overall.rds: a276a56ab58ae456c571025e152f587d
[ commit     ]  brt_google_mobility/20200706-182844-89016c9f
[ copy       ]
