[ name       ]  ecdc
[ id         ]  20200720-103930-b640ac2a
[ parameter  ]  date: 2020-06-20
[ start      ]  2020-07-20 10:39:30
[ parameter  ]  date: 2020-06-20

Attaching package: ‘lubridate’

The following objects are masked from ‘package:base’:

    date, intersect, setdiff, union


> date <- as.Date(date, "%Y-%m-%d")

> if (is.na(date)) {
+     stop("Date must be provided in ISO format (i.e., YYYY-MM-DD)")
+ }

> fmt <- "https://www.ecdc.europa.eu/sites/default/files/documents/COVID-19-geographic-disbtribution-worldwide-%s.xlsx"

> date_iso <- as.character(date)

> url <- sprintf(fmt, date_iso)

> url_page <- "https://www.ecdc.europa.eu/en/publications-data/download-todays-data-geographic-distribution-covid-19-cases-worldwide"

> tryCatch({
+     code <- download.file(url, "ecdc.xlsx", mode = "wb")
+     if (code != 0) {
+         stop("Error downloading file")
+     }
+ }, error = function(e) {
+     stop(sprintf("Error downloading file '%s': %s, please check %s", 
+         url, e$message, url_page))
+ })

> d <- readxl::read_excel("ecdc.xlsx", progress = FALSE)

> names(d)[1] <- "dateRep"

> names(d)[names(d) %in% c("Countries and territories", 
+     "countriesAndTerritories")] <- "Region"

> if (is.na(as.Date(d$dateRep[1], "%Y-%m-%d"))) {
+     d$dateRep <- as.Date(d$dateRep, format = "%d/%m/%Y")
+ }

> d$deaths[which(d$deaths < 0)] <- 0

> d$deaths[which(is.na(d$deaths))] <- 0

> esp_miss <- unique(d$dateRep)[which(!unique(d$dateRep) %in% 
+     d$dateRep[d$countryterritoryCode == "ESP"])]

> if (length(esp_miss) > 0) {
+     df_esp <- d[which(d$countryterritoryCode == "ESP"), ][1, 
+         ]
+     df_esp$dateRep = esp_miss
+     df_esp$day = as.numeric(format(as.Date(esp_miss), "%d"))
+     df_esp$month = as.numeric(format(as.Date(esp_miss), "%m"))
+     df_esp$year = as.numeric(format(as.Date(esp_miss), "%Y"))
+     df_esp$cases = 0
+     df_esp$deaths = 0
+     d <- rbind(df_esp, d)
+ }

> saveRDS(d, "ecdc_all.rds")
[ end        ]  2020-07-20 10:39:32
[ elapsed    ]  Ran report in 1.360599 secs
[ artefact   ]  ecdc.xlsx: f9fc67001104dd2dd70ec216c5c3bbae
[ ...        ]  ecdc_all.rds: 1f95924e7871df7907a253697460b5d8
[ commit     ]  ecdc/20200720-103930-b640ac2a
[ copy       ]
